// Jest Snapshot v1, https://goo.gl/fbAQLP

exports[`renders homepage unchanged 1`] = `
<div>
  <div
    class="MuiGrid-root MuiGrid-container MuiGrid-spacing-xs-2 css-mhc70k-MuiGrid-root"
  >
    <div
      class="MuiGrid-root MuiGrid-container MuiGrid-item css-1f064cs-MuiGrid-root"
    >
      <div
        class="MuiGrid-root MuiGrid-container css-11lq3yg-MuiGrid-root"
      >
        From head container component
        <div>
           hello from _app
        </div>
      </div>
    </div>
    <div
      class="MuiGrid-root MuiGrid-container MuiGrid-item css-1f064cs-MuiGrid-root"
    >
      <div
        class="MuiGrid-root MuiGrid-container MuiGrid-spacing-xs-2 css-mhc70k-MuiGrid-root"
      >
        <div
          class="MuiGrid-root MuiGrid-item MuiGrid-grid-xs-12 css-1idn90j-MuiGrid-root"
        >
          <div
            class="MuiBox-root css-0"
          >
            2
             images
          </div>
        </div>
        <div
          class="MuiGrid-root MuiGrid-item MuiGrid-grid-xs-12 css-1idn90j-MuiGrid-root"
        >
          <ul
            class="MuiImageList-root MuiImageList-quilted css-rvv586-MuiImageList-root"
            style="grid-template-columns: repeat(2, 1fr); gap: 4px;"
          >
            <li
              class="MuiImageListItem-root MuiImageListItem-quilted css-l086p4-MuiImageListItem-root"
              style="height: auto; grid-column-end: span 1; grid-row-end: span 1;"
            >
              <img
                class="MuiImageListItem-img"
                src="https://avatars.githubusercontent.com/u/1640588?v=4"
              />
            </li>
            <li
              class="MuiImageListItem-root MuiImageListItem-quilted css-l086p4-MuiImageListItem-root"
              style="height: auto; grid-column-end: span 1; grid-row-end: span 1;"
            >
              <img
                class="MuiImageListItem-img"
                src="https://avatars.githubusercontent.com/u/1640588?v=4"
              />
            </li>
          </ul>
        </div>
      </div>
    </div>
    <div
      class="MuiGrid-root MuiGrid-container MuiGrid-item css-1f064cs-MuiGrid-root"
    >
      <div
        class="MuiGrid-root MuiGrid-container css-11lq3yg-MuiGrid-root"
      >
        From FOOTER container component
        <div>
           hello from _app
        </div>
      </div>
    </div>
  </div>
</div>
`;
